
Running 17 tests using 1 worker

  ok  1 [chromium] › tests\budgets.spec.ts:6:5 › crea un presupuesto real y limpia los datos UAT (1.7s)
  x   2 [chromium] › tests\debit-csv-import.spec.ts:14:7 › Importación de débitos CSV › previsualiza, acepta, deduplica y revierte una importación (32.8s)

  1) [chromium] › tests\debit-csv-import.spec.ts:14:7 › Importación de débitos CSV › previsualiza, acepta, deduplica y revierte una importación 

    Error: expect(locator).toContainText(expected) failed

    Locator: getByTestId('debit-csv-preview')
    Expected substring: "Compra débito E2E 1783905699208"
    Received string:    "debitos-e2e-1783905699208.csv1 filas · separador ; · encabezado en fila 11 seleccionadas0 duplicadas0 con errorUsarFechaDescripciónTipoMonedaImporteCategoríaEstadoAcciónRef. CSV-1783905699208EgresoARSSin clasificarListaEliminar borradorAceptar 1 filas"
    Timeout: 30000ms

    Call log:
      - Expect "toContainText" with timeout 30000ms
      - waiting for getByTestId('debit-csv-preview')
        62 × locator resolved to <section class="space-y-4" data-testid="debit-csv-preview">…</section>
           - unexpected value "debitos-e2e-1783905699208.csv1 filas · separador ; · encabezado en fila 11 seleccionadas0 duplicadas0 con errorUsarFechaDescripciónTipoMonedaImporteCategoríaEstadoAcciónRef. CSV-1783905699208EgresoARSSin clasificarListaEliminar borradorAceptar 1 filas"


      33 |     const preview = page.getByTestId("debit-csv-preview");
      34 |     await expect(preview).toBeVisible();
    > 35 |     await expect(preview).toContainText(description);
         |                           ^
      36 |     await page.getByTestId("accept-debit-csv").click();
      37 |     await expect(preview).toContainText(/Importación aceptada|Aceptada/);
      38 |
        at I:\cajaApp-V3\workspace\frontend\tests\debit-csv-import.spec.ts:35:27

    attachment #1: screenshot (image/png) ──────────────────────────────────────────────────────────
    test-results\debit-csv-import-Importaci-5efe5--y-revierte-una-importación-chromium\test-failed-1.png
    ────────────────────────────────────────────────────────────────────────────────────────────────

    attachment #2: video (video/webm) ──────────────────────────────────────────────────────────────
    test-results\debit-csv-import-Importaci-5efe5--y-revierte-una-importación-chromium\video.webm
    ────────────────────────────────────────────────────────────────────────────────────────────────

    Error Context: test-results\debit-csv-import-Importaci-5efe5--y-revierte-una-importación-chromium\error-context.md

    attachment #4: trace (application/zip) ─────────────────────────────────────────────────────────
    test-results\debit-csv-import-Importaci-5efe5--y-revierte-una-importación-chromium\trace.zip
    Usage:

        npx playwright show-trace test-results\debit-csv-import-Importaci-5efe5--y-revierte-una-importación-chromium\trace.zip

    ────────────────────────────────────────────────────────────────────────────────────────────────

     3.1 [chromium] › tests\e2e\card-statement-import.spec.ts:99:7 › card statement import › imports Galicia Visa PDF and renders the real preview › open card statements (580ms)
     3.2 [chromium] › tests\e2e\card-statement-import.spec.ts:99:7 › card statement import › imports Galicia Visa PDF and renders the real preview › select PDF and start import (1.1s)
     3.3 [chromium] › tests\e2e\card-statement-import.spec.ts:99:7 › card statement import › imports Galicia Visa PDF and renders the real preview › wait for real preview (4.0m)
  x   3 [chromium] › tests\e2e\card-statement-import.spec.ts:99:7 › card statement import › imports Galicia Visa PDF and renders the real preview (4.0m)

  2) [chromium] › tests\e2e\card-statement-import.spec.ts:99:7 › card statement import › imports Galicia Visa PDF and renders the real preview › wait for real preview 

    Error: expect(locator).not.toContainText(expected) failed

    Locator: getByTestId('card-statement-import-state')
    Expected pattern: not /procesando|analizando|extrayendo/i
    Timeout: 30000ms
    Error: element(s) not found

    Call log:
      - Expect "not toContainText" with timeout 30000ms
      - waiting for getByTestId('card-statement-import-state')


      146 |         await expect(
      147 |           page.getByTestId("card-statement-import-state"),
    > 148 |         ).not.toContainText(/procesando|analizando|extrayendo/i);
          |               ^
      149 |       });
      150 |
      151 |       await test.step("validate extracted content", async () => {
        at I:\cajaApp-V3\workspace\frontend\tests\e2e\card-statement-import.spec.ts:148:15
        at I:\cajaApp-V3\workspace\frontend\tests\e2e\card-statement-import.spec.ts:141:7

    attachment #2: screenshot (image/png) ──────────────────────────────────────────────────────────
    test-results\e2e-card-statement-import--baaad-nd-renders-the-real-preview-chromium\test-failed-1.png
    ────────────────────────────────────────────────────────────────────────────────────────────────

    attachment #3: video (video/webm) ──────────────────────────────────────────────────────────────
    test-results\e2e-card-statement-import--baaad-nd-renders-the-real-preview-chromium\video.webm
    ────────────────────────────────────────────────────────────────────────────────────────────────

    Error Context: test-results\e2e-card-statement-import--baaad-nd-renders-the-real-preview-chromium\error-context.md

    attachment #5: trace (application/zip) ─────────────────────────────────────────────────────────
    test-results\e2e-card-statement-import--baaad-nd-renders-the-real-preview-chromium\trace.zip
    Usage:

        npx playwright show-trace test-results\e2e-card-statement-import--baaad-nd-renders-the-real-preview-chromium\trace.zip

    ────────────────────────────────────────────────────────────────────────────────────────────────

  ok  4 [chromium] › tests\e2e\card-statement-import.spec.ts:205:7 › card statement import › stops polling and offers retry when extraction fails (6.5s)
  ok  5 [chromium] › tests\e2e\dashboard.spec.ts:13:7 › Dashboard real › muestra movimientos reales del ledger y separa compromisos (1.4s)
  x   6 [chromium] › tests\e2e\deuda-futura\card-history.spec.ts:8:5 › Tarjetas muestra historial navegable y trazabilidad del resumen (31.9s)

  3) [chromium] › tests\e2e\deuda-futura\card-history.spec.ts:8:5 › Tarjetas muestra historial navegable y trazabilidad del resumen 

    Error: expect(locator).toBeVisible() failed

    Locator: getByTestId('card-statement-history')
    Expected: visible
    Timeout: 30000ms
    Error: element(s) not found

    Call log:
      - Expect "toBeVisible" with timeout 30000ms
      - waiting for getByTestId('card-statement-history')


      26 |
      27 |   const history = page.getByTestId("card-statement-history");
    > 28 |   await expect(history).toBeVisible();
         |                         ^
      29 |   await expect(
      30 |     history.getByText("Historial de resúmenes", { exact: true }),
      31 |   ).toBeVisible();
        at I:\cajaApp-V3\workspace\frontend\tests\e2e\deuda-futura\card-history.spec.ts:28:25

    attachment #1: screenshot (image/png) ──────────────────────────────────────────────────────────
    test-results\e2e-deuda-futura-card-hist-9b969--y-trazabilidad-del-resumen-chromium\test-failed-1.png
    ────────────────────────────────────────────────────────────────────────────────────────────────

    attachment #2: video (video/webm) ──────────────────────────────────────────────────────────────
    test-results\e2e-deuda-futura-card-hist-9b969--y-trazabilidad-del-resumen-chromium\video.webm
    ────────────────────────────────────────────────────────────────────────────────────────────────

    Error Context: test-results\e2e-deuda-futura-card-hist-9b969--y-trazabilidad-del-resumen-chromium\error-context.md

    attachment #4: trace (application/zip) ─────────────────────────────────────────────────────────
    test-results\e2e-deuda-futura-card-hist-9b969--y-trazabilidad-del-resumen-chromium\trace.zip
    Usage:

        npx playwright show-trace test-results\e2e-deuda-futura-card-hist-9b969--y-trazabilidad-del-resumen-chromium\trace.zip

    ────────────────────────────────────────────────────────────────────────────────────────────────

  x   7 [chromium] › tests\e2e\deuda-futura\dashboard-alerts.spec.ts:15:5 › Dashboard muestra una alerta determinística y abre su origen (2.1m)

  4) [chromium] › tests\e2e\deuda-futura\dashboard-alerts.spec.ts:15:5 › Dashboard muestra una alerta determinística y abre su origen 

    Test timeout of 120000ms exceeded.

    Error: apiRequestContext.delete: Target page, context or browser has been closed

      78 |     );
      79 |   } finally {
    > 80 |     await request.delete(
         |                         ^
      81 |       `${API_BASE_URL}/api/movements/manual/${encodeURIComponent(movement.sourceId ?? movement.id)}`,
      82 |     );
      83 |   }
        at I:\cajaApp-V3\workspace\frontend\tests\e2e\deuda-futura\dashboard-alerts.spec.ts:80:25

    attachment #1: screenshot (image/png) ──────────────────────────────────────────────────────────
    test-results\e2e-deuda-futura-dashboard-9c884-rminística-y-abre-su-origen-chromium\test-failed-1.png
    ────────────────────────────────────────────────────────────────────────────────────────────────

    attachment #2: video (video/webm) ──────────────────────────────────────────────────────────────
    test-results\e2e-deuda-futura-dashboard-9c884-rminística-y-abre-su-origen-chromium\video.webm
    ────────────────────────────────────────────────────────────────────────────────────────────────

    Error Context: test-results\e2e-deuda-futura-dashboard-9c884-rminística-y-abre-su-origen-chromium\error-context.md

    attachment #4: trace (application/zip) ─────────────────────────────────────────────────────────
    test-results\e2e-deuda-futura-dashboard-9c884-rminística-y-abre-su-origen-chromium\trace.zip
    Usage:

        npx playwright show-trace test-results\e2e-deuda-futura-dashboard-9c884-rminística-y-abre-su-origen-chromium\trace.zip

    ────────────────────────────────────────────────────────────────────────────────────────────────

  x   8 [chromium] › tests\e2e\deuda-futura\future.spec.ts:13:7 › Deuda y compromisos futuros › muestra un compromiso confirmado y permite abrir su origen (32.7s)

  5) [chromium] › tests\e2e\deuda-futura\future.spec.ts:13:7 › Deuda y compromisos futuros › muestra un compromiso confirmado y permite abrir su origen 

    Error: expect(locator).toBeVisible() failed

    Locator:  getByText('Compromiso E2E 1783906143404', { exact: true })
    Expected: visible
    Received: hidden
    Timeout:  30000ms

    Call log:
      - Expect "toBeVisible" with timeout 30000ms
      - waiting for getByText('Compromiso E2E 1783906143404', { exact: true })
        62 × locator resolved to <p class="truncate text-sm font-medium">Compromiso E2E 1783906143404</p>
           - unexpected value "hidden"


      43 |       await page.getByRole("button", { name: /^Deuda futura$/i }).click();
      44 |       await expect(page.getByTestId("future-section")).toBeVisible();
    > 45 |       await expect(page.getByText(description, { exact: true })).toBeVisible();
         |                                                                  ^
      46 |       await expect(page.getByText("Confirmado", { exact: true })).toBeVisible();
      47 |       await expect(page.getByText(/12\.345,67/)).toBeVisible();
      48 |
        at I:\cajaApp-V3\workspace\frontend\tests\e2e\deuda-futura\future.spec.ts:45:66

    attachment #1: screenshot (image/png) ──────────────────────────────────────────────────────────
    test-results\e2e-deuda-futura-future-De-3f137-o-y-permite-abrir-su-origen-chromium\test-failed-1.png
    ────────────────────────────────────────────────────────────────────────────────────────────────

    attachment #2: video (video/webm) ──────────────────────────────────────────────────────────────
    test-results\e2e-deuda-futura-future-De-3f137-o-y-permite-abrir-su-origen-chromium\video.webm
    ────────────────────────────────────────────────────────────────────────────────────────────────

    Error Context: test-results\e2e-deuda-futura-future-De-3f137-o-y-permite-abrir-su-origen-chromium\error-context.md

    attachment #4: trace (application/zip) ─────────────────────────────────────────────────────────
    test-results\e2e-deuda-futura-future-De-3f137-o-y-permite-abrir-su-origen-chromium\trace.zip
    Usage:

        npx playwright show-trace test-results\e2e-deuda-futura-future-De-3f137-o-y-permite-abrir-su-origen-chromium\trace.zip

    ────────────────────────────────────────────────────────────────────────────────────────────────

  ok  9 [chromium] › tests\e2e\deuda-futura\movements-export.spec.ts:16:5 › Movimientos exporta exactamente el filtro activo (1.3s)
  ok 10 [chromium] › tests\e2e\deuda-futura\reports.spec.ts:24:5 › Reportes consume datos reales, exporta y abre el detalle en Movimientos (1.9s)
  ok 11 [chromium] › tests\e2e\deuda-futura\settings.spec.ts:6:5 › Configuración persiste perfil local y tema global (2.0s)
     12.1 [chromium] › tests\e2e\incomes.spec.ts:20:7 › Ingresos › crea, proyecta y persiste ingresos ARS y USD desde la UI real › abrir la pestaña Ingresos (690ms)
     12.2 [chromium] › tests\e2e\incomes.spec.ts:20:7 › Ingresos › crea, proyecta y persiste ingresos ARS y USD desde la UI real › crear fuente recurrente (764ms)
     12.3 [chromium] › tests\e2e\incomes.spec.ts:20:7 › Ingresos › crea, proyecta y persiste ingresos ARS y USD desde la UI real › verificar el aumento automático (66ms)
     12.4 [chromium] › tests\e2e\incomes.spec.ts:20:7 › Ingresos › crea, proyecta y persiste ingresos ARS y USD desde la UI real › registrar un cambio permanente (1.8s)
     12.5 [chromium] › tests\e2e\incomes.spec.ts:20:7 › Ingresos › crea, proyecta y persiste ingresos ARS y USD desde la UI real › registrar un valor real mensual sin alterar el futuro (1.2s)
     12.6 [chromium] › tests\e2e\incomes.spec.ts:20:7 › Ingresos › crea, proyecta y persiste ingresos ARS y USD desde la UI real › crear un ingreso extraordinario en USD (1.1s)
     12.7 [chromium] › tests\e2e\incomes.spec.ts:20:7 › Ingresos › crea, proyecta y persiste ingresos ARS y USD desde la UI real › confirmar persistencia luego de recargar (451ms)
  ok 12 [chromium] › tests\e2e\incomes.spec.ts:20:7 › Ingresos › crea, proyecta y persiste ingresos ARS y USD desde la UI real (6.8s)
  ok 13 [chromium] › tests\goals.spec.ts:6:5 › crea un objetivo, registra un aporte y limpia los datos UAT (1.7s)
  x  14 [chromium] › tests\movements.spec.ts:13:7 › Movimientos manuales › crea, edita y anula un movimiento desde la UI (3.7s)

  6) [chromium] › tests\movements.spec.ts:13:7 › Movimientos manuales › crea, edita y anula un movimiento desde la UI 

    Error: expect(locator).toBeVisible() failed

    Locator: getByText('Gasto efectivo E2E 1783906191703 editado', { exact: true })
    Expected: visible
    Error: strict mode violation: getByText('Gasto efectivo E2E 1783906191703 editado', { exact: true }) resolved to 2 elements:
        1) <p class="font-medium text-foreground">Gasto efectivo E2E 1783906191703 editado</p> aka getByTestId('movement-row-9304f25e-deee-448a-9a52-ac56bc89f1d8').getByText('Gasto efectivo E2E')
        2) <p class="font-medium">Gasto efectivo E2E 1783906191703 editado</p> aka getByTestId('movement-card-9304f25e-deee-448a-9a52-ac56bc89f1d8').getByText('Gasto efectivo E2E')

    Call log:
      - Expect "toBeVisible" with timeout 30000ms
      - waiting for getByText('Gasto efectivo E2E 1783906191703 editado', { exact: true })


      35 |     await page.getByTestId("movement-description").fill(editedDescription);
      36 |     await page.getByTestId("save-manual-movement").click();
    > 37 |     await expect(page.getByText(editedDescription, { exact: true })).toBeVisible();
         |                                                                      ^
      38 |
      39 |     page.once("dialog", (dialog) => dialog.accept());
      40 |     const editedRow = page.locator('[data-testid^="movement-row-"]').filter({ hasText: editedDescription }).first();
        at I:\cajaApp-V3\workspace\frontend\tests\movements.spec.ts:37:70

    attachment #1: screenshot (image/png) ──────────────────────────────────────────────────────────
    test-results\movements-Movimientos-manu-17a6a-a-un-movimiento-desde-la-UI-chromium\test-failed-1.png
    ────────────────────────────────────────────────────────────────────────────────────────────────

    attachment #2: video (video/webm) ──────────────────────────────────────────────────────────────
    test-results\movements-Movimientos-manu-17a6a-a-un-movimiento-desde-la-UI-chromium\video.webm
    ────────────────────────────────────────────────────────────────────────────────────────────────

    Error Context: test-results\movements-Movimientos-manu-17a6a-a-un-movimiento-desde-la-UI-chromium\error-context.md

    attachment #4: trace (application/zip) ─────────────────────────────────────────────────────────
    test-results\movements-Movimientos-manu-17a6a-a-un-movimiento-desde-la-UI-chromium\trace.zip
    Usage:

        npx playwright show-trace test-results\movements-Movimientos-manu-17a6a-a-un-movimiento-desde-la-UI-chromium\trace.zip

    ────────────────────────────────────────────────────────────────────────────────────────────────

  ok 15 [chromium] › tests\quality-audit.spec.ts:18:5 › todas las secciones funcionales navegan sin promesas ficticias (2.4s)
     16.1 [chromium] › tests\quality-audit.spec.ts:44:5 › las nueve secciones están disponibles en navegación móvil › navegar a Inicio en mobile (1.3s)
     16.2 [chromium] › tests\quality-audit.spec.ts:44:5 › las nueve secciones están disponibles en navegación móvil › navegar a Movimientos en mobile (1.2s)
     16.3 [chromium] › tests\quality-audit.spec.ts:44:5 › las nueve secciones están disponibles en navegación móvil › navegar a Ingresos en mobile (1.2s)
     16.4 [chromium] › tests\quality-audit.spec.ts:44:5 › las nueve secciones están disponibles en navegación móvil › navegar a Tarjetas en mobile (1.1s)
     16.5 [chromium] › tests\quality-audit.spec.ts:44:5 › las nueve secciones están disponibles en navegación móvil › navegar a Deuda futura en mobile (1.1s)
     16.6 [chromium] › tests\quality-audit.spec.ts:44:5 › las nueve secciones están disponibles en navegación móvil › navegar a Presupuestos en mobile (1.1s)
     16.7 [chromium] › tests\quality-audit.spec.ts:44:5 › las nueve secciones están disponibles en navegación móvil › navegar a Objetivos en mobile (1.1s)
     16.8 [chromium] › tests\quality-audit.spec.ts:44:5 › las nueve secciones están disponibles en navegación móvil › navegar a Reportes en mobile (1.1s)
     16.9 [chromium] › tests\quality-audit.spec.ts:44:5 › las nueve secciones están disponibles en navegación móvil › navegar a Configuración en mobile (1.1s)
  ok 16 [chromium] › tests\quality-audit.spec.ts:44:5 › las nueve secciones están disponibles en navegación móvil (10.9s)
  ok 17 [chromium] › tests\quality-audit.spec.ts:62:5 › header y navegación no exponen controles ficticios y aceptan teclado (469ms)

  6 failed
    [chromium] › tests\debit-csv-import.spec.ts:14:7 › Importación de débitos CSV › previsualiza, acepta, deduplica y revierte una importación 
    [chromium] › tests\e2e\card-statement-import.spec.ts:99:7 › card statement import › imports Galicia Visa PDF and renders the real preview 
    [chromium] › tests\e2e\deuda-futura\card-history.spec.ts:8:5 › Tarjetas muestra historial navegable y trazabilidad del resumen 
    [chromium] › tests\e2e\deuda-futura\dashboard-alerts.spec.ts:15:5 › Dashboard muestra una alerta determinística y abre su origen 
    [chromium] › tests\e2e\deuda-futura\future.spec.ts:13:7 › Deuda y compromisos futuros › muestra un compromiso confirmado y permite abrir su origen 
    [chromium] › tests\movements.spec.ts:13:7 › Movimientos manuales › crea, edita y anula un movimiento desde la UI 
  11 passed (8.6m)
